
Discarded input sections

 .text          0x00000000        0x0 start.o
 .data          0x00000000        0x0 start.o
 .bss           0x00000000        0x0 start.o
 .data          0x00000000        0x0 main.o
 .bss           0x00000000        0x0 main.o
 .data          0x00000000        0x0 perfcounter.o
 .bss           0x00000000        0x0 perfcounter.o
 .bss           0x00000000        0x0 chacha20_asm.o
 .data          0x00000000        0x0 Problem_B_refinement.o

Memory Configuration

Name             Origin             Length             Attributes
*default*        0x00000000         0xffffffff

Linker script and memory map

LOAD start.o
LOAD main.o
LOAD perfcounter.o
LOAD chacha20_asm.o
LOAD Problem_B_refinement.o
LOAD /Users/guxiaozheng/riscv-none-elf-gcc/bin/../lib/gcc/riscv-none-elf/14.2.0/rv32i/ilp32/libgcc.a
                0x00010000                        . = 0x10000

.text           0x00010000     0x3e2c
 *(.text._start)
 .text._start   0x00010000       0x40 start.o
                0x00010000                _start
 *(.text)
 .text          0x00010040      0x324 main.o
                0x00010314                memcpy
                0x00010338                __mulsi3
 .text          0x00010364       0x28 perfcounter.o
                0x00010364                get_cycles
                0x00010378                get_instret
 *fill*         0x0001038c        0x4 
 .text          0x00010390     0x3860 chacha20_asm.o
                0x00010390                chacha20
 .text          0x00013bf0      0x23c Problem_B_refinement.o
                0x00013bf0                problemB_main

.text.startup   0x00013e2c      0x8b0
 .text.startup  0x00013e2c      0x8b0 main.o
                0x00013e2c                main

.rodata.str1.4  0x000146dc       0x73
 .rodata.str1.4
                0x000146dc       0x73 main.o

.rodata         0x00014750       0x92
 .rodata        0x00014750       0x92 main.o

.rela.dyn       0x000147e4        0x0
 .rela.text._start
                0x000147e4        0x0 start.o

.data           0x000147e8       0x20
 *(.data)
 .data          0x000147e8       0x20 chacha20_asm.o

.bss            0x00014808      0x100
                0x00014808                        __bss_start = .
 *(.bss)
 .bss           0x00014808      0x100 Problem_B_refinement.o
                0x00014908                        __bss_end = .

.stack          0x00014908     0x1008
                0x00014910                        . = ALIGN (0x10)
 *fill*         0x00014908        0x8 
                0x00015910                        . = (. + 0x1000)
 *fill*         0x00014910     0x1000 
                0x00015910                        __stack_top = .
OUTPUT(test.elf elf32-littleriscv)

.riscv.attributes
                0x00000000       0x29
 .riscv.attributes
                0x00000000       0x23 start.o
 .riscv.attributes
                0x00000023       0x25 main.o
 .riscv.attributes
                0x00000048       0x27 perfcounter.o
 .riscv.attributes
                0x0000006f       0x23 chacha20_asm.o
 .riscv.attributes
                0x00000092       0x23 Problem_B_refinement.o

.comment        0x00000000       0x32
 .comment       0x00000000       0x32 main.o
                                 0x33 (size before relaxing)

.note.GNU-stack
                0x00000000        0x0
 .note.GNU-stack
                0x00000000        0x0 main.o

.debug_line     0x00000000     0x1e58
 .debug_line    0x00000000       0x86 start.o
 .debug_line    0x00000086     0x1731 main.o
 .debug_line    0x000017b7       0x7a perfcounter.o
 .debug_line    0x00001831      0x299 chacha20_asm.o
 .debug_line    0x00001aca      0x38e Problem_B_refinement.o

.debug_line_str
                0x00000000      0x129
 .debug_line_str
                0x00000000      0x129 start.o
                                 0x3b (size before relaxing)
 .debug_line_str
                0x00000129      0x12e main.o
 .debug_line_str
                0x00000129       0x41 perfcounter.o
 .debug_line_str
                0x00000129       0x42 chacha20_asm.o
 .debug_line_str
                0x00000129       0x4a Problem_B_refinement.o

.debug_info     0x00000000     0x186f
 .debug_info    0x00000000       0x31 start.o
 .debug_info    0x00000031     0x17c2 main.o
 .debug_info    0x000017f3       0x24 perfcounter.o
 .debug_info    0x00001817       0x33 chacha20_asm.o
 .debug_info    0x0000184a       0x25 Problem_B_refinement.o

.debug_abbrev   0x00000000      0x47a
 .debug_abbrev  0x00000000       0x28 start.o
 .debug_abbrev  0x00000028      0x402 main.o
 .debug_abbrev  0x0000042a       0x14 perfcounter.o
 .debug_abbrev  0x0000043e       0x28 chacha20_asm.o
 .debug_abbrev  0x00000466       0x14 Problem_B_refinement.o

.debug_aranges  0x00000000       0xa8
 .debug_aranges
                0x00000000       0x20 start.o
 .debug_aranges
                0x00000020       0x28 main.o
 .debug_aranges
                0x00000048       0x20 perfcounter.o
 .debug_aranges
                0x00000068       0x20 chacha20_asm.o
 .debug_aranges
                0x00000088       0x20 Problem_B_refinement.o

.debug_str      0x00000000      0x38b
 .debug_str     0x00000000      0x38b start.o
                                 0x50 (size before relaxing)
 .debug_str     0x0000038b      0x38e main.o
 .debug_str     0x0000038b       0x4f perfcounter.o
 .debug_str     0x0000038b       0x59 chacha20_asm.o
 .debug_str     0x0000038b       0x58 Problem_B_refinement.o

.debug_loclists
                0x00000000      0x6c3
 .debug_loclists
                0x00000000      0x6c3 main.o

.debug_rnglists
                0x00000000      0x135
 .debug_rnglists
                0x00000000      0x135 main.o

.debug_frame    0x00000000       0xbc
 .debug_frame   0x00000000       0xbc main.o
